 
****************************************
Report : area
Design : mac_unit
Version: V-2023.12-SP5-3
Date   : Tue Nov  4 10:16:34 2025
****************************************

Library(s) Used:

    tsl18fs120_scl_ff (File: /home/SynopsysInstalledTools/SCLPDK/scl_pdk/stdlib/fs120/liberty/lib_flow_ff/tsl18fs120_scl_ff.db)

Number of ports:                           84
Number of nets:                           518
Number of cells:                          417
Number of combinational cells:            337
Number of sequential cells:                80
Number of macros/black boxes:               0
Number of buf/inv:                         43
Number of references:                      28

Combinational area:               7843.330059
Buf/Inv area:                      282.149999
Noncombinational area:            4766.400146
Macro/Black Box area:                0.000000
Net Interconnect area:             325.357498

Total cell area:                 12609.730205
Total area:                      12935.087703
1
