 
****************************************
Report : cell
Design : mac_unit
Version: V-2023.12-SP5-3
Date   : Tue Nov  4 10:16:34 2025
****************************************

Attributes:
    b - black box (unknown)
    h - hierarchical
    n - noncombinational
    r - removable
    u - contains unmapped logic

Cell                      Reference       Library             Area  Attributes
--------------------------------------------------------------------------------
U121                      inv0d0          tsl18fs120_scl_ff
                                                          6.270000  
U122                      inv0d0          tsl18fs120_scl_ff
                                                          6.270000  
U123                      ad01d0          tsl18fs120_scl_ff
                                                          59.580002 r
U124                      ad01d0          tsl18fs120_scl_ff
                                                          59.580002 r
U125                      ad01d0          tsl18fs120_scl_ff
                                                          59.580002 r
U126                      ad01d0          tsl18fs120_scl_ff
                                                          59.580002 r
U127                      ad01d0          tsl18fs120_scl_ff
                                                          59.580002 r
U128                      ad01d0          tsl18fs120_scl_ff
                                                          59.580002 r
U129                      ad01d0          tsl18fs120_scl_ff
                                                          59.580002 r
U130                      ad01d0          tsl18fs120_scl_ff
                                                          59.580002 r
U131                      ad01d0          tsl18fs120_scl_ff
                                                          59.580002 r
U132                      ad01d0          tsl18fs120_scl_ff
                                                          59.580002 r
U133                      ad01d0          tsl18fs120_scl_ff
                                                          59.580002 r
U134                      ad01d0          tsl18fs120_scl_ff
                                                          59.580002 r
U135                      ad01d0          tsl18fs120_scl_ff
                                                          59.580002 r
U136                      ad01d0          tsl18fs120_scl_ff
                                                          59.580002 r
U137                      ad01d0          tsl18fs120_scl_ff
                                                          59.580002 r
U138                      ad01d0          tsl18fs120_scl_ff
                                                          59.580002 r
U139                      ad01d0          tsl18fs120_scl_ff
                                                          59.580002 r
U140                      ad01d0          tsl18fs120_scl_ff
                                                          59.580002 r
U141                      ad01d0          tsl18fs120_scl_ff
                                                          59.580002 r
U142                      ad01d0          tsl18fs120_scl_ff
                                                          59.580002 r
U143                      ad01d0          tsl18fs120_scl_ff
                                                          59.580002 r
U144                      ad01d0          tsl18fs120_scl_ff
                                                          59.580002 r
U145                      ad01d0          tsl18fs120_scl_ff
                                                          59.580002 r
U146                      ad01d0          tsl18fs120_scl_ff
                                                          59.580002 r
U147                      ad01d0          tsl18fs120_scl_ff
                                                          59.580002 r
U148                      inv0d0          tsl18fs120_scl_ff
                                                          6.270000  
U149                      inv0d0          tsl18fs120_scl_ff
                                                          6.270000  
U150                      inv0d0          tsl18fs120_scl_ff
                                                          6.270000  
U151                      inv0d0          tsl18fs120_scl_ff
                                                          6.270000  
U152                      ad01d0          tsl18fs120_scl_ff
                                                          59.580002 r
U153                      ad01d0          tsl18fs120_scl_ff
                                                          59.580002 r
U154                      ad01d0          tsl18fs120_scl_ff
                                                          59.580002 r
U155                      ad01d0          tsl18fs120_scl_ff
                                                          59.580002 r
U156                      ad01d0          tsl18fs120_scl_ff
                                                          59.580002 r
U157                      ad01d0          tsl18fs120_scl_ff
                                                          59.580002 r
U158                      ad01d0          tsl18fs120_scl_ff
                                                          59.580002 r
U159                      ad01d0          tsl18fs120_scl_ff
                                                          59.580002 r
U160                      ad01d0          tsl18fs120_scl_ff
                                                          59.580002 r
U161                      inv0d0          tsl18fs120_scl_ff
                                                          6.270000  
U162                      ad01d0          tsl18fs120_scl_ff
                                                          59.580002 r
U163                      ad01d0          tsl18fs120_scl_ff
                                                          59.580002 r
U164                      ad01d0          tsl18fs120_scl_ff
                                                          59.580002 r
U165                      ad01d0          tsl18fs120_scl_ff
                                                          59.580002 r
U166                      ad01d0          tsl18fs120_scl_ff
                                                          59.580002 r
U167                      ad01d0          tsl18fs120_scl_ff
                                                          59.580002 r
U168                      ad01d0          tsl18fs120_scl_ff
                                                          59.580002 r
U169                      ad01d0          tsl18fs120_scl_ff
                                                          59.580002 r
U170                      inv0d0          tsl18fs120_scl_ff
                                                          6.270000  
U171                      inv0d0          tsl18fs120_scl_ff
                                                          6.270000  
U172                      ad01d0          tsl18fs120_scl_ff
                                                          59.580002 r
U173                      inv0d0          tsl18fs120_scl_ff
                                                          6.270000  
U174                      inv0d0          tsl18fs120_scl_ff
                                                          6.270000  
U175                      inv0d0          tsl18fs120_scl_ff
                                                          6.270000  
U176                      inv0d0          tsl18fs120_scl_ff
                                                          6.270000  
U177                      nr02d0          tsl18fs120_scl_ff
                                                          12.540000 
U178                      inv0d0          tsl18fs120_scl_ff
                                                          6.270000  
U179                      inv0d0          tsl18fs120_scl_ff
                                                          6.270000  
U180                      inv0d0          tsl18fs120_scl_ff
                                                          6.270000  
U181                      inv0d0          tsl18fs120_scl_ff
                                                          6.270000  
U182                      inv0d0          tsl18fs120_scl_ff
                                                          6.270000  
U183                      inv0d2          tsl18fs120_scl_ff
                                                          12.540000 
U184                      inv0d0          tsl18fs120_scl_ff
                                                          6.270000  
U185                      inv0d0          tsl18fs120_scl_ff
                                                          6.270000  
U186                      nr13d1          tsl18fs120_scl_ff
                                                          21.950001 
U187                      buffd1          tsl18fs120_scl_ff
                                                          12.540000 
U188                      nr03d1          tsl18fs120_scl_ff
                                                          15.680000 
U189                      nr02d1          tsl18fs120_scl_ff
                                                          12.540000 
U190                      inv0d0          tsl18fs120_scl_ff
                                                          6.270000  
U191                      oai211d1        tsl18fs120_scl_ff
                                                          18.820000 
U192                      aon211d1        tsl18fs120_scl_ff
                                                          18.820000 
U193                      oaim21d1        tsl18fs120_scl_ff
                                                          18.820000 
U194                      aor22d1         tsl18fs120_scl_ff
                                                          25.090000 
U195                      inv0d0          tsl18fs120_scl_ff
                                                          6.270000  
U196                      oai22d1         tsl18fs120_scl_ff
                                                          18.820000 
U197                      aor22d1         tsl18fs120_scl_ff
                                                          25.090000 
U198                      aor22d1         tsl18fs120_scl_ff
                                                          25.090000 
U199                      aor22d1         tsl18fs120_scl_ff
                                                          25.090000 
U200                      inv0d0          tsl18fs120_scl_ff
                                                          6.270000  
U201                      aor22d1         tsl18fs120_scl_ff
                                                          25.090000 
U202                      aor22d1         tsl18fs120_scl_ff
                                                          25.090000 
U203                      aor22d1         tsl18fs120_scl_ff
                                                          25.090000 
U204                      aor22d1         tsl18fs120_scl_ff
                                                          25.090000 
U205                      aor22d1         tsl18fs120_scl_ff
                                                          25.090000 
U206                      aor22d1         tsl18fs120_scl_ff
                                                          25.090000 
U207                      aor22d1         tsl18fs120_scl_ff
                                                          25.090000 
U208                      aor22d1         tsl18fs120_scl_ff
                                                          25.090000 
U209                      aor22d1         tsl18fs120_scl_ff
                                                          25.090000 
U210                      aor22d1         tsl18fs120_scl_ff
                                                          25.090000 
U211                      inv0d0          tsl18fs120_scl_ff
                                                          6.270000  
U212                      nd02d1          tsl18fs120_scl_ff
                                                          12.540000 
U213                      oaim21d1        tsl18fs120_scl_ff
                                                          18.820000 
U214                      oaim21d1        tsl18fs120_scl_ff
                                                          18.820000 
U215                      oaim21d1        tsl18fs120_scl_ff
                                                          18.820000 
U216                      oaim21d1        tsl18fs120_scl_ff
                                                          18.820000 
U217                      oaim21d1        tsl18fs120_scl_ff
                                                          18.820000 
U218                      oaim21d1        tsl18fs120_scl_ff
                                                          18.820000 
U219                      oaim21d1        tsl18fs120_scl_ff
                                                          18.820000 
U220                      oaim21d1        tsl18fs120_scl_ff
                                                          18.820000 
U221                      oaim21d1        tsl18fs120_scl_ff
                                                          18.820000 
U222                      oaim21d1        tsl18fs120_scl_ff
                                                          18.820000 
U223                      oaim21d1        tsl18fs120_scl_ff
                                                          18.820000 
U224                      oaim21d1        tsl18fs120_scl_ff
                                                          18.820000 
U225                      oaim21d1        tsl18fs120_scl_ff
                                                          18.820000 
U226                      oaim21d1        tsl18fs120_scl_ff
                                                          18.820000 
U227                      oaim21d1        tsl18fs120_scl_ff
                                                          18.820000 
U228                      oaim21d1        tsl18fs120_scl_ff
                                                          18.820000 
U229                      oaim21d1        tsl18fs120_scl_ff
                                                          18.820000 
U230                      nd02d0          tsl18fs120_scl_ff
                                                          12.540000 
U231                      aoi22d1         tsl18fs120_scl_ff
                                                          18.820000 
U232                      oai21d1         tsl18fs120_scl_ff
                                                          15.680000 
U233                      aoi22d1         tsl18fs120_scl_ff
                                                          18.820000 
U234                      aon211d1        tsl18fs120_scl_ff
                                                          18.820000 
U235                      inv0d0          tsl18fs120_scl_ff
                                                          6.270000  
U236                      oai222d1        tsl18fs120_scl_ff
                                                          28.219999 
U237                      aoi22d1         tsl18fs120_scl_ff
                                                          18.820000 
U238                      oaim21d1        tsl18fs120_scl_ff
                                                          18.820000 
U239                      aoi22d1         tsl18fs120_scl_ff
                                                          18.820000 
U240                      oaim21d1        tsl18fs120_scl_ff
                                                          18.820000 
U241                      aoi22d1         tsl18fs120_scl_ff
                                                          18.820000 
U242                      oaim21d1        tsl18fs120_scl_ff
                                                          18.820000 
U243                      inv0d0          tsl18fs120_scl_ff
                                                          6.270000  
U244                      aoi22d1         tsl18fs120_scl_ff
                                                          18.820000 
U245                      oaim21d1        tsl18fs120_scl_ff
                                                          18.820000 
U246                      aoi22d1         tsl18fs120_scl_ff
                                                          18.820000 
U247                      oaim21d1        tsl18fs120_scl_ff
                                                          18.820000 
U248                      aoi22d1         tsl18fs120_scl_ff
                                                          18.820000 
U249                      oaim21d1        tsl18fs120_scl_ff
                                                          18.820000 
U250                      aoi22d1         tsl18fs120_scl_ff
                                                          18.820000 
U251                      oaim21d1        tsl18fs120_scl_ff
                                                          18.820000 
U252                      aoi22d1         tsl18fs120_scl_ff
                                                          18.820000 
U253                      oaim21d1        tsl18fs120_scl_ff
                                                          18.820000 
U254                      aoi22d1         tsl18fs120_scl_ff
                                                          18.820000 
U255                      oaim21d1        tsl18fs120_scl_ff
                                                          18.820000 
U256                      aoi22d1         tsl18fs120_scl_ff
                                                          18.820000 
U257                      oaim21d1        tsl18fs120_scl_ff
                                                          18.820000 
U258                      aoi22d1         tsl18fs120_scl_ff
                                                          18.820000 
U259                      oaim21d1        tsl18fs120_scl_ff
                                                          18.820000 
U260                      aoi22d1         tsl18fs120_scl_ff
                                                          18.820000 
U261                      oaim21d1        tsl18fs120_scl_ff
                                                          18.820000 
U262                      aoi22d1         tsl18fs120_scl_ff
                                                          18.820000 
U263                      oaim21d1        tsl18fs120_scl_ff
                                                          18.820000 
U264                      aoi22d1         tsl18fs120_scl_ff
                                                          18.820000 
U265                      oaim21d1        tsl18fs120_scl_ff
                                                          18.820000 
U266                      aoi22d1         tsl18fs120_scl_ff
                                                          18.820000 
U267                      oaim21d1        tsl18fs120_scl_ff
                                                          18.820000 
U268                      aoi22d1         tsl18fs120_scl_ff
                                                          18.820000 
U269                      oaim21d1        tsl18fs120_scl_ff
                                                          18.820000 
U270                      aoi22d1         tsl18fs120_scl_ff
                                                          18.820000 
U271                      oaim21d1        tsl18fs120_scl_ff
                                                          18.820000 
U272                      aoi22d1         tsl18fs120_scl_ff
                                                          18.820000 
U273                      oaim21d1        tsl18fs120_scl_ff
                                                          18.820000 
U274                      inv0d0          tsl18fs120_scl_ff
                                                          6.270000  
U275                      aoi22d1         tsl18fs120_scl_ff
                                                          18.820000 
U276                      oaim21d1        tsl18fs120_scl_ff
                                                          18.820000 
U277                      aoi22d1         tsl18fs120_scl_ff
                                                          18.820000 
U278                      oaim21d1        tsl18fs120_scl_ff
                                                          18.820000 
U279                      aoi22d1         tsl18fs120_scl_ff
                                                          18.820000 
U280                      oaim21d1        tsl18fs120_scl_ff
                                                          18.820000 
U281                      aoi22d1         tsl18fs120_scl_ff
                                                          18.820000 
U282                      oaim21d1        tsl18fs120_scl_ff
                                                          18.820000 
U283                      aoi22d1         tsl18fs120_scl_ff
                                                          18.820000 
U284                      oaim21d1        tsl18fs120_scl_ff
                                                          18.820000 
U285                      aoi22d1         tsl18fs120_scl_ff
                                                          18.820000 
U286                      oaim21d1        tsl18fs120_scl_ff
                                                          18.820000 
U287                      aoi22d1         tsl18fs120_scl_ff
                                                          18.820000 
U288                      oaim21d1        tsl18fs120_scl_ff
                                                          18.820000 
U289                      aoi22d1         tsl18fs120_scl_ff
                                                          18.820000 
U290                      oaim21d1        tsl18fs120_scl_ff
                                                          18.820000 
U291                      aoi22d1         tsl18fs120_scl_ff
                                                          18.820000 
U292                      oaim21d1        tsl18fs120_scl_ff
                                                          18.820000 
U293                      aoi22d1         tsl18fs120_scl_ff
                                                          18.820000 
U294                      oaim21d1        tsl18fs120_scl_ff
                                                          18.820000 
U295                      aoi22d1         tsl18fs120_scl_ff
                                                          18.820000 
U296                      oaim21d1        tsl18fs120_scl_ff
                                                          18.820000 
U297                      aoim22d1        tsl18fs120_scl_ff
                                                          21.950001 
U298                      oai21d1         tsl18fs120_scl_ff
                                                          15.680000 
U299                      aoi22d1         tsl18fs120_scl_ff
                                                          18.820000 
U300                      aon211d1        tsl18fs120_scl_ff
                                                          18.820000 
U301                      nd02d0          tsl18fs120_scl_ff
                                                          12.540000 
U302                      oaim22d1        tsl18fs120_scl_ff
                                                          25.090000 
U303                      aoi21d1         tsl18fs120_scl_ff
                                                          15.680000 
U304                      inv0d0          tsl18fs120_scl_ff
                                                          6.270000  
U305                      aoi22d1         tsl18fs120_scl_ff
                                                          18.820000 
U306                      inv0d0          tsl18fs120_scl_ff
                                                          6.270000  
U307                      inv0d0          tsl18fs120_scl_ff
                                                          6.270000  
U308                      oai211d1        tsl18fs120_scl_ff
                                                          18.820000 
U309                      oai211d1        tsl18fs120_scl_ff
                                                          18.820000 
U310                      oai21d1         tsl18fs120_scl_ff
                                                          15.680000 
U311                      nr02d0          tsl18fs120_scl_ff
                                                          12.540000 
U312                      aon211d1        tsl18fs120_scl_ff
                                                          18.820000 
U313                      oai31d1         tsl18fs120_scl_ff
                                                          21.950001 
U314                      inv0d0          tsl18fs120_scl_ff
                                                          6.270000  
U315                      oai22d1         tsl18fs120_scl_ff
                                                          18.820000 
U316                      oai21d1         tsl18fs120_scl_ff
                                                          15.680000 
U317                      nd02d0          tsl18fs120_scl_ff
                                                          12.540000 
U318                      oai211d1        tsl18fs120_scl_ff
                                                          18.820000 
U319                      oaim21d1        tsl18fs120_scl_ff
                                                          18.820000 
U320                      oai222d1        tsl18fs120_scl_ff
                                                          28.219999 
U321                      oan211d1        tsl18fs120_scl_ff
                                                          18.820000 
U322                      nd12d0          tsl18fs120_scl_ff
                                                          15.680000 
U323                      nd12d0          tsl18fs120_scl_ff
                                                          15.680000 
U324                      nd02d0          tsl18fs120_scl_ff
                                                          12.540000 
U325                      nr02d0          tsl18fs120_scl_ff
                                                          12.540000 
U326                      aon211d1        tsl18fs120_scl_ff
                                                          18.820000 
U327                      oai31d1         tsl18fs120_scl_ff
                                                          21.950001 
U328                      aoi22d1         tsl18fs120_scl_ff
                                                          18.820000 
U329                      aoi22d1         tsl18fs120_scl_ff
                                                          18.820000 
U330                      oai22d1         tsl18fs120_scl_ff
                                                          18.820000 
U331                      nd02d0          tsl18fs120_scl_ff
                                                          12.540000 
U332                      oai21d1         tsl18fs120_scl_ff
                                                          15.680000 
U333                      oai21d1         tsl18fs120_scl_ff
                                                          15.680000 
U334                      nd02d0          tsl18fs120_scl_ff
                                                          12.540000 
U335                      aon211d1        tsl18fs120_scl_ff
                                                          18.820000 
U336                      oaim21d1        tsl18fs120_scl_ff
                                                          18.820000 
U337                      aoim22d1        tsl18fs120_scl_ff
                                                          21.950001 
U338                      nd02d0          tsl18fs120_scl_ff
                                                          12.540000 
U339                      inv0d0          tsl18fs120_scl_ff
                                                          6.270000  
U340                      nd02d0          tsl18fs120_scl_ff
                                                          12.540000 
U341                      oan211d1        tsl18fs120_scl_ff
                                                          18.820000 
U342                      aoi21d1         tsl18fs120_scl_ff
                                                          15.680000 
U343                      inv0d0          tsl18fs120_scl_ff
                                                          6.270000  
U344                      aoi22d1         tsl18fs120_scl_ff
                                                          18.820000 
U345                      oai22d1         tsl18fs120_scl_ff
                                                          18.820000 
U346                      inv0d0          tsl18fs120_scl_ff
                                                          6.270000  
U347                      oaim22d1        tsl18fs120_scl_ff
                                                          25.090000 
U348                      ad01d0          tsl18fs120_scl_ff
                                                          59.580002 r
U349                      inv0d0          tsl18fs120_scl_ff
                                                          6.270000  
U350                      aoi22d1         tsl18fs120_scl_ff
                                                          18.820000 
U351                      nr02d0          tsl18fs120_scl_ff
                                                          12.540000 
U352                      aoi221d1        tsl18fs120_scl_ff
                                                          25.090000 
U353                      aoi22d1         tsl18fs120_scl_ff
                                                          18.820000 
U354                      aoi22d1         tsl18fs120_scl_ff
                                                          18.820000 
U355                      inv0d0          tsl18fs120_scl_ff
                                                          6.270000  
U356                      aoi22d1         tsl18fs120_scl_ff
                                                          18.820000 
U357                      oai22d1         tsl18fs120_scl_ff
                                                          18.820000 
U358                      inv0d0          tsl18fs120_scl_ff
                                                          6.270000  
U359                      aoi22d1         tsl18fs120_scl_ff
                                                          18.820000 
U360                      oai22d1         tsl18fs120_scl_ff
                                                          18.820000 
U361                      nd02d0          tsl18fs120_scl_ff
                                                          12.540000 
U362                      oai21d1         tsl18fs120_scl_ff
                                                          15.680000 
U363                      aon211d1        tsl18fs120_scl_ff
                                                          18.820000 
U364                      aoim22d1        tsl18fs120_scl_ff
                                                          21.950001 
U365                      oai21d1         tsl18fs120_scl_ff
                                                          15.680000 
U366                      nd02d0          tsl18fs120_scl_ff
                                                          12.540000 
U367                      aon211d1        tsl18fs120_scl_ff
                                                          18.820000 
U368                      cg01d0          tsl18fs120_scl_ff
                                                          28.219999 
U369                      aoi22d1         tsl18fs120_scl_ff
                                                          18.820000 
U370                      aoim22d1        tsl18fs120_scl_ff
                                                          21.950001 
U371                      nr02d0          tsl18fs120_scl_ff
                                                          12.540000 
U372                      aoi21d1         tsl18fs120_scl_ff
                                                          15.680000 
U373                      nd02d0          tsl18fs120_scl_ff
                                                          12.540000 
U374                      inv0d0          tsl18fs120_scl_ff
                                                          6.270000  
U375                      nd02d0          tsl18fs120_scl_ff
                                                          12.540000 
U376                      oan211d1        tsl18fs120_scl_ff
                                                          18.820000 
U377                      aoi31d1         tsl18fs120_scl_ff
                                                          18.820000 
U378                      aoi22d1         tsl18fs120_scl_ff
                                                          18.820000 
U379                      aoi22d1         tsl18fs120_scl_ff
                                                          18.820000 
U380                      oaim22d1        tsl18fs120_scl_ff
                                                          25.090000 
U381                      ad01d0          tsl18fs120_scl_ff
                                                          59.580002 r
U382                      aoi22d1         tsl18fs120_scl_ff
                                                          18.820000 
U383                      aoim22d1        tsl18fs120_scl_ff
                                                          21.950001 
U384                      aoi22d1         tsl18fs120_scl_ff
                                                          18.820000 
U385                      aoi22d1         tsl18fs120_scl_ff
                                                          18.820000 
U386                      aon211d1        tsl18fs120_scl_ff
                                                          18.820000 
U387                      inv0d0          tsl18fs120_scl_ff
                                                          6.270000  
U388                      aoi22d1         tsl18fs120_scl_ff
                                                          18.820000 
U389                      oai22d1         tsl18fs120_scl_ff
                                                          18.820000 
U390                      inv0d0          tsl18fs120_scl_ff
                                                          6.270000  
U391                      aoi22d1         tsl18fs120_scl_ff
                                                          18.820000 
U392                      inv0d0          tsl18fs120_scl_ff
                                                          6.270000  
U393                      oai222d1        tsl18fs120_scl_ff
                                                          28.219999 
U394                      aoi22d1         tsl18fs120_scl_ff
                                                          18.820000 
U395                      oai22d1         tsl18fs120_scl_ff
                                                          18.820000 
U396                      nd02d0          tsl18fs120_scl_ff
                                                          12.540000 
U397                      oai21d1         tsl18fs120_scl_ff
                                                          15.680000 
U398                      aoim22d1        tsl18fs120_scl_ff
                                                          21.950001 
U399                      oai21d1         tsl18fs120_scl_ff
                                                          15.680000 
U400                      nd02d0          tsl18fs120_scl_ff
                                                          12.540000 
U401                      aon211d1        tsl18fs120_scl_ff
                                                          18.820000 
U402                      cg01d0          tsl18fs120_scl_ff
                                                          28.219999 
U403                      aoi22d1         tsl18fs120_scl_ff
                                                          18.820000 
U404                      oai22d1         tsl18fs120_scl_ff
                                                          18.820000 
U405                      aoi22d1         tsl18fs120_scl_ff
                                                          18.820000 
U406                      oai22d1         tsl18fs120_scl_ff
                                                          18.820000 
U407                      nr02d0          tsl18fs120_scl_ff
                                                          12.540000 
U408                      aoi21d1         tsl18fs120_scl_ff
                                                          15.680000 
U409                      aoi22d1         tsl18fs120_scl_ff
                                                          18.820000 
U410                      aoi22d1         tsl18fs120_scl_ff
                                                          18.820000 
U411                      nd02d0          tsl18fs120_scl_ff
                                                          12.540000 
U412                      oai22d1         tsl18fs120_scl_ff
                                                          18.820000 
U413                      oaim22d1        tsl18fs120_scl_ff
                                                          25.090000 
U414                      ad01d0          tsl18fs120_scl_ff
                                                          59.580002 r
U415                      aoi22d1         tsl18fs120_scl_ff
                                                          18.820000 
U416                      oai22d1         tsl18fs120_scl_ff
                                                          18.820000 
U417                      aoi22d1         tsl18fs120_scl_ff
                                                          18.820000 
U418                      aoi22d1         tsl18fs120_scl_ff
                                                          18.820000 
U419                      aoi22d1         tsl18fs120_scl_ff
                                                          18.820000 
U420                      aoim22d1        tsl18fs120_scl_ff
                                                          21.950001 
U421                      aoim22d1        tsl18fs120_scl_ff
                                                          21.950001 
U422                      oai21d1         tsl18fs120_scl_ff
                                                          15.680000 
U423                      nd02d0          tsl18fs120_scl_ff
                                                          12.540000 
U424                      aon211d1        tsl18fs120_scl_ff
                                                          18.820000 
U425                      cg01d0          tsl18fs120_scl_ff
                                                          28.219999 
U426                      aoi22d1         tsl18fs120_scl_ff
                                                          18.820000 
U427                      aoi22d1         tsl18fs120_scl_ff
                                                          18.820000 
U428                      oai22d1         tsl18fs120_scl_ff
                                                          18.820000 
U429                      aoim22d1        tsl18fs120_scl_ff
                                                          21.950001 
U430                      aoi21d1         tsl18fs120_scl_ff
                                                          15.680000 
U431                      oaim22d1        tsl18fs120_scl_ff
                                                          25.090000 
U432                      ad01d0          tsl18fs120_scl_ff
                                                          59.580002 r
U433                      aoi22d1         tsl18fs120_scl_ff
                                                          18.820000 
U434                      oai22d1         tsl18fs120_scl_ff
                                                          18.820000 
U435                      aoi22d1         tsl18fs120_scl_ff
                                                          18.820000 
U436                      aoi22d1         tsl18fs120_scl_ff
                                                          18.820000 
U437                      aoim22d1        tsl18fs120_scl_ff
                                                          21.950001 
U438                      oai21d1         tsl18fs120_scl_ff
                                                          15.680000 
U439                      nd02d0          tsl18fs120_scl_ff
                                                          12.540000 
U440                      aon211d1        tsl18fs120_scl_ff
                                                          18.820000 
U441                      cg01d0          tsl18fs120_scl_ff
                                                          28.219999 
U442                      aoi22d1         tsl18fs120_scl_ff
                                                          18.820000 
U443                      aoi22d1         tsl18fs120_scl_ff
                                                          18.820000 
U444                      aoi21d1         tsl18fs120_scl_ff
                                                          15.680000 
U445                      oaim22d1        tsl18fs120_scl_ff
                                                          25.090000 
U446                      ad01d0          tsl18fs120_scl_ff
                                                          59.580002 r
U447                      oai22d1         tsl18fs120_scl_ff
                                                          18.820000 
U448                      aoim22d1        tsl18fs120_scl_ff
                                                          21.950001 
U449                      aoim22d1        tsl18fs120_scl_ff
                                                          21.950001 
U450                      oai21d1         tsl18fs120_scl_ff
                                                          15.680000 
U451                      nd02d0          tsl18fs120_scl_ff
                                                          12.540000 
U452                      aon211d1        tsl18fs120_scl_ff
                                                          18.820000 
U453                      aoi21d1         tsl18fs120_scl_ff
                                                          15.680000 
U454                      cg01d0          tsl18fs120_scl_ff
                                                          28.219999 
U455                      oaim22d1        tsl18fs120_scl_ff
                                                          25.090000 
U456                      ad01d0          tsl18fs120_scl_ff
                                                          59.580002 r
U457                      aor22d1         tsl18fs120_scl_ff
                                                          25.090000 
acc_reg_reg[0]            dfnrq1          tsl18fs120_scl_ff
                                                          59.580002 n
acc_reg_reg[1]            dfnrq1          tsl18fs120_scl_ff
                                                          59.580002 n
acc_reg_reg[2]            dfnrq1          tsl18fs120_scl_ff
                                                          59.580002 n
acc_reg_reg[3]            dfnrq1          tsl18fs120_scl_ff
                                                          59.580002 n
acc_reg_reg[4]            dfnrq1          tsl18fs120_scl_ff
                                                          59.580002 n
acc_reg_reg[5]            dfnrq1          tsl18fs120_scl_ff
                                                          59.580002 n
acc_reg_reg[6]            dfnrq1          tsl18fs120_scl_ff
                                                          59.580002 n
acc_reg_reg[7]            dfnrq1          tsl18fs120_scl_ff
                                                          59.580002 n
acc_reg_reg[8]            dfnrq1          tsl18fs120_scl_ff
                                                          59.580002 n
acc_reg_reg[9]            dfnrq1          tsl18fs120_scl_ff
                                                          59.580002 n
acc_reg_reg[10]           dfnrq1          tsl18fs120_scl_ff
                                                          59.580002 n
acc_reg_reg[11]           dfnrq1          tsl18fs120_scl_ff
                                                          59.580002 n
acc_reg_reg[12]           dfnrq1          tsl18fs120_scl_ff
                                                          59.580002 n
acc_reg_reg[13]           dfnrq1          tsl18fs120_scl_ff
                                                          59.580002 n
acc_reg_reg[14]           dfnrq1          tsl18fs120_scl_ff
                                                          59.580002 n
acc_reg_reg[15]           dfnrq1          tsl18fs120_scl_ff
                                                          59.580002 n
acc_reg_reg[16]           dfnrq1          tsl18fs120_scl_ff
                                                          59.580002 n
acc_reg_reg[17]           dfnrq1          tsl18fs120_scl_ff
                                                          59.580002 n
acc_reg_reg[18]           dfnrq1          tsl18fs120_scl_ff
                                                          59.580002 n
acc_reg_reg[19]           dfnrq1          tsl18fs120_scl_ff
                                                          59.580002 n
acc_reg_reg[20]           dfnrq1          tsl18fs120_scl_ff
                                                          59.580002 n
acc_reg_reg[21]           dfnrq1          tsl18fs120_scl_ff
                                                          59.580002 n
acc_reg_reg[22]           dfnrq1          tsl18fs120_scl_ff
                                                          59.580002 n
acc_reg_reg[23]           dfnrq1          tsl18fs120_scl_ff
                                                          59.580002 n
acc_reg_reg[24]           dfnrq1          tsl18fs120_scl_ff
                                                          59.580002 n
acc_reg_reg[25]           dfnrq1          tsl18fs120_scl_ff
                                                          59.580002 n
acc_reg_reg[26]           dfnrq1          tsl18fs120_scl_ff
                                                          59.580002 n
acc_reg_reg[27]           dfnrq1          tsl18fs120_scl_ff
                                                          59.580002 n
acc_reg_reg[28]           dfnrq1          tsl18fs120_scl_ff
                                                          59.580002 n
acc_reg_reg[29]           dfnrq1          tsl18fs120_scl_ff
                                                          59.580002 n
acc_reg_reg[30]           dfnrq1          tsl18fs120_scl_ff
                                                          59.580002 n
acc_reg_reg[31]           dfnrq1          tsl18fs120_scl_ff
                                                          59.580002 n
prod_ext_reg_reg[0]       dfnrq1          tsl18fs120_scl_ff
                                                          59.580002 n
prod_ext_reg_reg[1]       dfnrq1          tsl18fs120_scl_ff
                                                          59.580002 n
prod_ext_reg_reg[2]       dfnrq1          tsl18fs120_scl_ff
                                                          59.580002 n
prod_ext_reg_reg[3]       dfnrq1          tsl18fs120_scl_ff
                                                          59.580002 n
prod_ext_reg_reg[4]       dfnrq1          tsl18fs120_scl_ff
                                                          59.580002 n
prod_ext_reg_reg[5]       dfnrq1          tsl18fs120_scl_ff
                                                          59.580002 n
prod_ext_reg_reg[6]       dfnrq1          tsl18fs120_scl_ff
                                                          59.580002 n
prod_ext_reg_reg[7]       dfnrq1          tsl18fs120_scl_ff
                                                          59.580002 n
prod_ext_reg_reg[8]       dfnrq1          tsl18fs120_scl_ff
                                                          59.580002 n
prod_ext_reg_reg[9]       dfnrq1          tsl18fs120_scl_ff
                                                          59.580002 n
prod_ext_reg_reg[10]      dfnrq1          tsl18fs120_scl_ff
                                                          59.580002 n
prod_ext_reg_reg[11]      dfnrq1          tsl18fs120_scl_ff
                                                          59.580002 n
prod_ext_reg_reg[12]      dfnrq1          tsl18fs120_scl_ff
                                                          59.580002 n
prod_ext_reg_reg[13]      dfnrq1          tsl18fs120_scl_ff
                                                          59.580002 n
prod_ext_reg_reg[14]      dfnrq1          tsl18fs120_scl_ff
                                                          59.580002 n
prod_ext_reg_reg[15]      dfnrq1          tsl18fs120_scl_ff
                                                          59.580002 n
prod_ext_reg_reg[16]      dfnrq1          tsl18fs120_scl_ff
                                                          59.580002 n
prod_ext_reg_reg[17]      dfnrq1          tsl18fs120_scl_ff
                                                          59.580002 n
prod_ext_reg_reg[18]      dfnrq1          tsl18fs120_scl_ff
                                                          59.580002 n
prod_ext_reg_reg[19]      dfnrq1          tsl18fs120_scl_ff
                                                          59.580002 n
prod_ext_reg_reg[20]      dfnrq1          tsl18fs120_scl_ff
                                                          59.580002 n
prod_ext_reg_reg[21]      dfnrq1          tsl18fs120_scl_ff
                                                          59.580002 n
prod_ext_reg_reg[22]      dfnrq1          tsl18fs120_scl_ff
                                                          59.580002 n
prod_ext_reg_reg[23]      dfnrq1          tsl18fs120_scl_ff
                                                          59.580002 n
prod_ext_reg_reg[24]      dfnrq1          tsl18fs120_scl_ff
                                                          59.580002 n
prod_ext_reg_reg[25]      dfnrq1          tsl18fs120_scl_ff
                                                          59.580002 n
prod_ext_reg_reg[26]      dfnrq1          tsl18fs120_scl_ff
                                                          59.580002 n
prod_ext_reg_reg[27]      dfnrq1          tsl18fs120_scl_ff
                                                          59.580002 n
prod_ext_reg_reg[28]      dfnrq1          tsl18fs120_scl_ff
                                                          59.580002 n
prod_ext_reg_reg[29]      dfnrq1          tsl18fs120_scl_ff
                                                          59.580002 n
prod_ext_reg_reg[30]      dfnrq1          tsl18fs120_scl_ff
                                                          59.580002 n
prod_ext_reg_reg[31]      dfnrq1          tsl18fs120_scl_ff
                                                          59.580002 n
prod_reg_reg[0]           dfnrq1          tsl18fs120_scl_ff
                                                          59.580002 n
prod_reg_reg[1]           dfnrq1          tsl18fs120_scl_ff
                                                          59.580002 n
prod_reg_reg[2]           dfnrq1          tsl18fs120_scl_ff
                                                          59.580002 n
prod_reg_reg[3]           dfnrq1          tsl18fs120_scl_ff
                                                          59.580002 n
prod_reg_reg[4]           dfnrq1          tsl18fs120_scl_ff
                                                          59.580002 n
prod_reg_reg[5]           dfnrq1          tsl18fs120_scl_ff
                                                          59.580002 n
prod_reg_reg[6]           dfnrq1          tsl18fs120_scl_ff
                                                          59.580002 n
prod_reg_reg[7]           dfnrq1          tsl18fs120_scl_ff
                                                          59.580002 n
prod_reg_reg[8]           dfnrq1          tsl18fs120_scl_ff
                                                          59.580002 n
prod_reg_reg[9]           dfnrq1          tsl18fs120_scl_ff
                                                          59.580002 n
prod_reg_reg[10]          dfnrq1          tsl18fs120_scl_ff
                                                          59.580002 n
prod_reg_reg[11]          dfnrq1          tsl18fs120_scl_ff
                                                          59.580002 n
prod_reg_reg[12]          dfnrq1          tsl18fs120_scl_ff
                                                          59.580002 n
prod_reg_reg[13]          dfnrq1          tsl18fs120_scl_ff
                                                          59.580002 n
prod_reg_reg[14]          dfnrq1          tsl18fs120_scl_ff
                                                          59.580002 n
prod_reg_reg[15]          dfnrq1          tsl18fs120_scl_ff
                                                          59.580002 n
--------------------------------------------------------------------------------
Total 417 cells                                           12609.730205
1
