 
****************************************
Report : net
Design : mac_unit
Version: V-2023.12-SP5-3
Date   : Tue Nov  4 10:16:34 2025
****************************************


Operating Conditions: tsl18fs120_scl_ff   Library: tsl18fs120_scl_ff
Wire Load Model Mode: top

Design        Wire Load Model            Library
------------------------------------------------
mac_unit               16000             tsl18fs120_scl_ff


Net
 Fanout    Fanin     Load      LoadUR    LoadUF    LoadLR    LoadLF    Resist    Pins      Attr
-----------------------------------------------------------------------------------------------
Result[0]
      4         1        0.03      0.03      0.03      0.03      0.03      0.02       5    
Result[1]
      4         1        0.03      0.03      0.03      0.03      0.03      0.02       5    
Result[2]
      3         1        0.04      0.03      0.03      0.03      0.03      0.01       4    
Result[3]
      3         1        0.04      0.03      0.03      0.03      0.03      0.01       4    
Result[4]
      3         1        0.04      0.03      0.03      0.03      0.03      0.01       4    
Result[5]
      3         1        0.04      0.03      0.03      0.03      0.03      0.01       4    
Result[6]
      3         1        0.04      0.03      0.03      0.03      0.03      0.01       4    
Result[7]
      3         1        0.04      0.03      0.03      0.03      0.03      0.01       4    
Result[8]
      3         1        0.04      0.03      0.03      0.03      0.03      0.01       4    
Result[9]
      3         1        0.04      0.03      0.03      0.03      0.03      0.01       4    
Result[10]
      3         1        0.04      0.03      0.03      0.03      0.03      0.01       4    
Result[11]
      3         1        0.04      0.03      0.03      0.03      0.03      0.01       4    
Result[12]
      3         1        0.04      0.03      0.03      0.03      0.03      0.01       4    
Result[13]
      3         1        0.04      0.03      0.03      0.03      0.03      0.01       4    
Result[14]
      3         1        0.04      0.03      0.03      0.03      0.03      0.01       4    
Result[15]
      3         1        0.04      0.03      0.03      0.03      0.03      0.01       4    
Result[16]
      3         1        0.04      0.03      0.03      0.03      0.03      0.01       4    
Result[17]
      3         1        0.04      0.03      0.03      0.03      0.03      0.01       4    
Result[18]
      3         1        0.04      0.03      0.03      0.03      0.03      0.01       4    
Result[19]
      3         1        0.04      0.03      0.03      0.03      0.03      0.01       4    
Result[20]
      3         1        0.04      0.03      0.03      0.03      0.03      0.01       4    
Result[21]
      3         1        0.04      0.03      0.03      0.03      0.03      0.01       4    
Result[22]
      3         1        0.04      0.03      0.03      0.03      0.03      0.01       4    
Result[23]
      3         1        0.04      0.03      0.03      0.03      0.03      0.01       4    
Result[24]
      3         1        0.04      0.03      0.03      0.03      0.03      0.01       4    
Result[25]
      3         1        0.04      0.03      0.03      0.03      0.03      0.01       4    
Result[26]
      3         1        0.04      0.03      0.03      0.03      0.03      0.01       4    
Result[27]
      3         1        0.04      0.03      0.03      0.03      0.03      0.01       4    
Result[28]
      3         1        0.04      0.03      0.03      0.03      0.03      0.01       4    
Result[29]
      3         1        0.04      0.03      0.03      0.03      0.03      0.01       4    
Result[30]
      3         1        0.04      0.03      0.03      0.03      0.03      0.01       4    
Result[31]
      4         1        0.04      0.03      0.03      0.03      0.03      0.02       5    
X[0]
      9         1        0.09      0.08      0.08      0.08      0.08      0.05      10    
X[1]
     12         1        0.14      0.13      0.13      0.13      0.13      0.10      13    
X[2]
      3         1        0.02      0.02      0.02      0.02      0.02      0.01       4    
X[3]
     12         1        0.15      0.13      0.13      0.13      0.13      0.10      13    
X[4]
      4         1        0.04      0.03      0.03      0.03      0.03      0.02       5    
X[5]
     14         1        0.16      0.15      0.14      0.15      0.14      0.10      15    
X[6]
      4         1        0.03      0.03      0.03      0.03      0.03      0.02       5    
X[7]
     11         1        0.14      0.12      0.12      0.12      0.12      0.09      12    
Y[0]
      9         1        0.09      0.08      0.08      0.08      0.08      0.05      10    
Y[1]
      6         1        0.06      0.05      0.05      0.05      0.05      0.03       7    
Y[2]
      7         1        0.06      0.05      0.05      0.05      0.05      0.03       8    
Y[3]
      6         1        0.06      0.05      0.05      0.05      0.05      0.03       7    
Y[4]
      4         1        0.04      0.03      0.03      0.03      0.03      0.02       5    
Y[5]
      5         1        0.05      0.04      0.04      0.04      0.04      0.02       6    
Y[6]
      4         1        0.04      0.03      0.03      0.03      0.03      0.02       5    
Y[7]
      7         1        0.06      0.05      0.05      0.05      0.05      0.03       8    
Z[0]
      1         1        0.01      0.01      0.01      0.01      0.01      0.00       2    
Z[1]
      1         1        0.01      0.01      0.01      0.01      0.01      0.00       2    
Z[2]
      1         1        0.01      0.01      0.01      0.01      0.01      0.00       2    
Z[3]
      1         1        0.01      0.01      0.01      0.01      0.01      0.00       2    
Z[4]
      1         1        0.01      0.01      0.01      0.01      0.01      0.00       2    
Z[5]
      1         1        0.01      0.01      0.01      0.01      0.01      0.00       2    
Z[6]
      1         1        0.01      0.01      0.01      0.01      0.01      0.00       2    
Z[7]
      1         1        0.01      0.01      0.01      0.01      0.01      0.00       2    
Z[8]
      1         1        0.01      0.01      0.01      0.01      0.01      0.00       2    
Z[9]
      1         1        0.01      0.01      0.01      0.01      0.01      0.00       2    
Z[10]
      1         1        0.01      0.01      0.01      0.01      0.01      0.00       2    
Z[11]
      1         1        0.01      0.01      0.01      0.01      0.01      0.00       2    
Z[12]
      1         1        0.01      0.01      0.01      0.01      0.01      0.00       2    
Z[13]
      1         1        0.01      0.01      0.01      0.01      0.01      0.00       2    
Z[14]
      1         1        0.01      0.01      0.01      0.01      0.01      0.00       2    
Z[15]
      1         1        0.01      0.01      0.01      0.01      0.01      0.00       2    
Z[16]
      1         1        0.01      0.01      0.01      0.01      0.01      0.00       2    
Z[17]
      1         1        0.01      0.01      0.01      0.01      0.01      0.00       2    
Z[18]
      1         1        0.01      0.01      0.01      0.01      0.01      0.00       2    
Z[19]
      1         1        0.01      0.01      0.01      0.01      0.01      0.00       2    
Z[20]
      1         1        0.01      0.01      0.01      0.01      0.01      0.00       2    
Z[21]
      1         1        0.01      0.01      0.01      0.01      0.01      0.00       2    
Z[22]
      1         1        0.01      0.01      0.01      0.01      0.01      0.00       2    
Z[23]
      1         1        0.01      0.01      0.01      0.01      0.01      0.00       2    
Z[24]
      1         1        0.01      0.01      0.01      0.01      0.01      0.00       2    
Z[25]
      1         1        0.01      0.01      0.01      0.01      0.01      0.00       2    
Z[26]
      1         1        0.01      0.01      0.01      0.01      0.01      0.00       2    
Z[27]
      1         1        0.01      0.01      0.01      0.01      0.01      0.00       2    
Z[28]
      1         1        0.01      0.01      0.01      0.01      0.01      0.00       2    
Z[29]
      1         1        0.01      0.01      0.01      0.01      0.01      0.00       2    
Z[30]
      1         1        0.01      0.01      0.01      0.01      0.01      0.00       2    
Z[31]
      1         1        0.01      0.01      0.01      0.01      0.01      0.00       2    
acc_load
      2         1        0.02      0.01      0.01      0.01      0.01      0.01       3    
clk
     80         1        1.64      1.57      1.56      1.57      1.56      1.57      81    
en
      2         1        0.01      0.01      0.01      0.01      0.01      0.01       3    
n38
      1         1        0.01      0.01      0.01      0.01      0.01      0.00       2    
n39
      1         1        0.01      0.01      0.01      0.01      0.01      0.00       2    
n40
      1         1        0.01      0.01      0.01      0.01      0.01      0.00       2    
n41
      1         1        0.01      0.01      0.01      0.01      0.01      0.00       2    
n42
      1         1        0.01      0.01      0.01      0.01      0.01      0.00       2    
n43
      1         1        0.01      0.01      0.01      0.01      0.01      0.00       2    
n44
      1         1        0.01      0.01      0.01      0.01      0.01      0.00       2    
n45
      1         1        0.01      0.01      0.01      0.01      0.01      0.00       2    
n46
      1         1        0.01      0.01      0.01      0.01      0.01      0.00       2    
n47
      1         1        0.01      0.01      0.01      0.01      0.01      0.00       2    
n48
      1         1        0.01      0.01      0.01      0.01      0.01      0.00       2    
n49
      1         1        0.01      0.01      0.01      0.01      0.01      0.00       2    
n50
      1         1        0.01      0.01      0.01      0.01      0.01      0.00       2    
n51
      1         1        0.01      0.01      0.01      0.01      0.01      0.00       2    
n52
      1         1        0.01      0.01      0.01      0.01      0.01      0.00       2    
n53
      1         1        0.01      0.01      0.01      0.01      0.01      0.00       2    
n54
      1         1        0.01      0.01      0.01      0.01      0.01      0.00       2    
n55
      1         1        0.01      0.01      0.01      0.01      0.01      0.00       2    
n56
      1         1        0.01      0.01      0.01      0.01      0.01      0.00       2    
n57
      1         1        0.01      0.01      0.01      0.01      0.01      0.00       2    
n58
      1         1        0.01      0.01      0.01      0.01      0.01      0.00       2    
n59
      1         1        0.01      0.01      0.01      0.01      0.01      0.00       2    
n60
      1         1        0.01      0.01      0.01      0.01      0.01      0.00       2    
n61
      1         1        0.01      0.01      0.01      0.01      0.01      0.00       2    
n62
      1         1        0.01      0.01      0.01      0.01      0.01      0.00       2    
n63
      1         1        0.01      0.01      0.01      0.01      0.01      0.00       2    
n64
      1         1        0.01      0.01      0.01      0.01      0.01      0.00       2    
n65
      1         1        0.01      0.01      0.01      0.01      0.01      0.00       2    
n66
      1         1        0.01      0.01      0.01      0.01      0.01      0.00       2    
n67
      1         1        0.01      0.01      0.01      0.01      0.01      0.00       2    
n68
      1         1        0.01      0.01      0.01      0.01      0.01      0.00       2    
n69
      1         1        0.01      0.01      0.01      0.01      0.01      0.00       2    
n70
      1         1        0.01      0.01      0.01      0.01      0.01      0.00       2    
n71
      1         1        0.01      0.01      0.01      0.01      0.01      0.00       2    
n72
      1         1        0.01      0.01      0.01      0.01      0.01      0.00       2    
n73
      1         1        0.01      0.01      0.01      0.01      0.01      0.00       2    
n74
      1         1        0.01      0.01      0.01      0.01      0.01      0.00       2    
n75
      1         1        0.01      0.01      0.01      0.01      0.01      0.00       2    
n76
      1         1        0.01      0.01      0.01      0.01      0.01      0.00       2    
n77
      1         1        0.01      0.01      0.01      0.01      0.01      0.00       2    
n78
      1         1        0.01      0.01      0.01      0.01      0.01      0.00       2    
n79
      1         1        0.01      0.01      0.01      0.01      0.01      0.00       2    
n80
      1         1        0.01      0.01      0.01      0.01      0.01      0.00       2    
n81
      1         1        0.01      0.01      0.01      0.01      0.01      0.00       2    
n82
      1         1        0.01      0.01      0.01      0.01      0.01      0.00       2    
n83
      1         1        0.01      0.01      0.01      0.01      0.01      0.00       2    
n84
      1         1        0.01      0.01      0.01      0.01      0.01      0.00       2    
n85
      1         1        0.01      0.01      0.01      0.01      0.01      0.00       2    
n86
      1         1        0.01      0.01      0.01      0.01      0.01      0.00       2    
n87
      1         1        0.01      0.01      0.01      0.01      0.01      0.00       2    
n88
      1         1        0.01      0.01      0.01      0.01      0.01      0.00       2    
n89
      1         1        0.01      0.01      0.01      0.01      0.01      0.00       2    
n90
      1         1        0.01      0.01      0.01      0.01      0.01      0.00       2    
n91
      1         1        0.01      0.01      0.01      0.01      0.01      0.00       2    
n92
      1         1        0.01      0.01      0.01      0.01      0.01      0.00       2    
n93
      1         1        0.01      0.01      0.01      0.01      0.01      0.00       2    
n94
      1         1        0.01      0.01      0.01      0.01      0.01      0.00       2    
n95
      1         1        0.01      0.01      0.01      0.01      0.01      0.00       2    
n96
      1         1        0.01      0.01      0.01      0.01      0.01      0.00       2    
n97
      1         1        0.01      0.01      0.01      0.01      0.01      0.00       2    
n98
      1         1        0.01      0.01      0.01      0.01      0.01      0.00       2    
n99
      1         1        0.01      0.01      0.01      0.01      0.01      0.00       2    
n100
      1         1        0.01      0.01      0.01      0.01      0.01      0.00       2    
n101
      1         1        0.01      0.01      0.01      0.01      0.01      0.00       2    
n102
      1         1        0.01      0.01      0.01      0.01      0.01      0.00       2    
n103
      1         1        0.01      0.01      0.01      0.01      0.01      0.00       2    
n104
      1         1        0.01      0.01      0.01      0.01      0.01      0.00       2    
n105
      1         1        0.01      0.01      0.01      0.01      0.01      0.00       2    
n106
      1         1        0.01      0.01      0.01      0.01      0.01      0.00       2    
n107
      1         1        0.01      0.01      0.01      0.01      0.01      0.00       2    
n108
      1         1        0.01      0.01      0.01      0.01      0.01      0.00       2    
n109
      1         1        0.01      0.01      0.01      0.01      0.01      0.00       2    
n110
      1         1        0.01      0.01      0.01      0.01      0.01      0.00       2    
n111
      1         1        0.01      0.01      0.01      0.01      0.01      0.00       2    
n112
      1         1        0.01      0.01      0.01      0.01      0.01      0.00       2    
n113
      1         1        0.01      0.01      0.01      0.01      0.01      0.00       2    
n114
      1         1        0.01      0.01      0.01      0.01      0.01      0.00       2    
n115
      1         1        0.01      0.01      0.01      0.01      0.01      0.00       2    
n116
      1         1        0.01      0.01      0.01      0.01      0.01      0.00       2    
n117
      1         1        0.01      0.01      0.01      0.01      0.01      0.00       2    
n119
     30         1        0.50      0.46      0.44      0.46      0.44      0.41      31    
n120
      2         1        0.02      0.01      0.02      0.01      0.02      0.01       3    
n121
      1         1        0.01      0.01      0.01      0.01      0.01      0.00       2    
n122
      1         1        0.01      0.01      0.01      0.01      0.01      0.00       2    
n123
     11         1        0.14      0.12      0.11      0.12      0.11      0.09      12    
n124
     17         1        0.19      0.17      0.17      0.17      0.17      0.12      18    
n125
      1         1        0.01      0.01      0.01      0.01      0.01      0.00       2    
n126
      1         1        0.01      0.01      0.01      0.01      0.01      0.00       2    
n127
      2         1        0.02      0.02      0.01      0.02      0.01      0.01       3    
n128
      4         1        0.04      0.04      0.04      0.04      0.04      0.02       5    
n129
      3         1        0.03      0.02      0.02      0.02      0.02      0.01       4    
n130
      4         1        0.04      0.03      0.03      0.03      0.03      0.02       5    
n131
      1         1        0.01      0.01      0.01      0.01      0.01      0.00       2    
n132
      1         1        0.01      0.01      0.01      0.01      0.01      0.00       2    
n133
      1         1        0.02      0.02      0.02      0.02      0.02      0.00       2    
n134
      1         1        0.01      0.01      0.01      0.01      0.01      0.00       2    
n135
      1         1        0.01      0.01      0.01      0.01      0.01      0.00       2    
n136
      1         1        0.02      0.02      0.02      0.02      0.02      0.00       2    
n137
      1         1        0.01      0.01      0.01      0.01      0.01      0.00       2    
n138
      1         1        0.01      0.01      0.01      0.01      0.01      0.00       2    
n139
      1         1        0.02      0.02      0.02      0.02      0.02      0.00       2    
n140
      1         1        0.01      0.01      0.01      0.01      0.01      0.00       2    
n141
      1         1        0.01      0.01      0.01      0.01      0.01      0.00       2    
n142
      1         1        0.02      0.02      0.02      0.02      0.02      0.00       2    
n143
      1         1        0.01      0.01      0.01      0.01      0.01      0.00       2    
n144
      1         1        0.01      0.01      0.01      0.01      0.01      0.00       2    
n145
      1         1        0.02      0.02      0.02      0.02      0.02      0.00       2    
n146
      1         1        0.01      0.01      0.01      0.01      0.01      0.00       2    
n147
      1         1        0.01      0.01      0.01      0.01      0.01      0.00       2    
n148
      1         1        0.02      0.02      0.02      0.02      0.02      0.00       2    
n149
      1         1        0.01      0.01      0.01      0.01      0.01      0.00       2    
n150
      1         1        0.01      0.01      0.01      0.01      0.01      0.00       2    
n151
      1         1        0.02      0.02      0.02      0.02      0.02      0.00       2    
n152
      1         1        0.01      0.01      0.01      0.01      0.01      0.00       2    
n153
      1         1        0.01      0.01      0.01      0.01      0.01      0.00       2    
n154
      1         1        0.02      0.02      0.02      0.02      0.02      0.00       2    
n155
      1         1        0.01      0.01      0.01      0.01      0.01      0.00       2    
n156
      1         1        0.01      0.01      0.01      0.01      0.01      0.00       2    
n157
      1         1        0.02      0.02      0.02      0.02      0.02      0.00       2    
n158
      1         1        0.01      0.01      0.01      0.01      0.01      0.00       2    
n159
      1         1        0.01      0.01      0.01      0.01      0.01      0.00       2    
n160
      1         1        0.02      0.02      0.02      0.02      0.02      0.00       2    
n161
      1         1        0.01      0.01      0.01      0.01      0.01      0.00       2    
n162
      1         1        0.01      0.01      0.01      0.01      0.01      0.00       2    
n163
      1         1        0.02      0.02      0.02      0.02      0.02      0.00       2    
n164
      1         1        0.01      0.01      0.01      0.01      0.01      0.00       2    
n165
      1         1        0.01      0.01      0.01      0.01      0.01      0.00       2    
n166
      1         1        0.02      0.02      0.02      0.02      0.02      0.00       2    
n167
      1         1        0.01      0.01      0.01      0.01      0.01      0.00       2    
n168
      1         1        0.01      0.01      0.01      0.01      0.01      0.00       2    
n169
      1         1        0.02      0.02      0.02      0.02      0.02      0.00       2    
n170
      1         1        0.01      0.01      0.01      0.01      0.01      0.00       2    
n171
      1         1        0.01      0.01      0.01      0.01      0.01      0.00       2    
n172
      1         1        0.02      0.02      0.02      0.02      0.02      0.00       2    
n173
      1         1        0.01      0.01      0.01      0.01      0.01      0.00       2    
n174
      1         1        0.01      0.01      0.01      0.01      0.01      0.00       2    
n175
      1         1        0.02      0.02      0.02      0.02      0.02      0.00       2    
n176
      1         1        0.01      0.01      0.01      0.01      0.01      0.00       2    
n177
      1         1        0.01      0.01      0.01      0.01      0.01      0.00       2    
n178
      1         1        0.02      0.02      0.02      0.02      0.02      0.00       2    
n179
      1         1        0.01      0.01      0.01      0.01      0.01      0.00       2    
n180
      1         1        0.01      0.01      0.01      0.01      0.01      0.00       2    
n181
      1         1        0.02      0.02      0.02      0.02      0.02      0.00       2    
n182
      1         1        0.01      0.01      0.01      0.01      0.01      0.00       2    
n183
      1         1        0.01      0.01      0.01      0.01      0.01      0.00       2    
n184
      6         1        0.06      0.05      0.05      0.05      0.05      0.03       7    
n185
      1         1        0.02      0.02      0.02      0.02      0.02      0.00       2    
n186
      1         1        0.01      0.01      0.01      0.01      0.01      0.00       2    
n187
     11         1        0.14      0.12      0.12      0.12      0.12      0.09      12    
n188
      1         1        0.01      0.01      0.01      0.01      0.01      0.00       2    
n189
      1         1        0.02      0.02      0.02      0.02      0.02      0.00       2    
n190
      1         1        0.01      0.01      0.01      0.01      0.01      0.00       2    
n191
      1         1        0.01      0.01      0.01      0.01      0.01      0.00       2    
n192
      1         1        0.02      0.02      0.02      0.02      0.02      0.00       2    
n193
      1         1        0.01      0.01      0.01      0.01      0.01      0.00       2    
n194
      1         1        0.01      0.01      0.01      0.01      0.01      0.00       2    
n195
      1         1        0.02      0.02      0.02      0.02      0.02      0.00       2    
n196
      1         1        0.01      0.01      0.01      0.01      0.01      0.00       2    
n197
      1         1        0.01      0.01      0.01      0.01      0.01      0.00       2    
n198
      1         1        0.02      0.02      0.02      0.02      0.02      0.00       2    
n199
      1         1        0.01      0.01      0.01      0.01      0.01      0.00       2    
n200
      1         1        0.01      0.01      0.01      0.01      0.01      0.00       2    
n201
      1         1        0.02      0.02      0.02      0.02      0.02      0.00       2    
n202
      1         1        0.01      0.01      0.01      0.01      0.01      0.00       2    
n203
      1         1        0.01      0.01      0.01      0.01      0.01      0.00       2    
n204
      1         1        0.02      0.02      0.02      0.02      0.02      0.00       2    
n205
      1         1        0.01      0.01      0.01      0.01      0.01      0.00       2    
n206
      1         1        0.01      0.01      0.01      0.01      0.01      0.00       2    
n207
      1         1        0.02      0.02      0.02      0.02      0.02      0.00       2    
n208
      1         1        0.01      0.01      0.01      0.01      0.01      0.00       2    
n209
      1         1        0.01      0.01      0.01      0.01      0.01      0.00       2    
n210
      1         1        0.02      0.02      0.02      0.02      0.02      0.00       2    
n211
      1         1        0.01      0.01      0.01      0.01      0.01      0.00       2    
n212
      1         1        0.01      0.01      0.01      0.01      0.01      0.00       2    
n213
      1         1        0.02      0.02      0.02      0.02      0.02      0.00       2    
n214
     16         1        0.19      0.17      0.15      0.17      0.15      0.11      17    
n215
      1         1        0.01      0.01      0.01      0.01      0.01      0.00       2    
n216
      1         1        0.01      0.01      0.01      0.01      0.01      0.00       2    
n217
      1         1        0.02      0.02      0.02      0.02      0.02      0.00       2    
n218
      1         1        0.01      0.01      0.01      0.01      0.01      0.00       2    
n219
      1         1        0.01      0.01      0.01      0.01      0.01      0.00       2    
n220
      1         1        0.02      0.02      0.02      0.02      0.02      0.00       2    
n221
     17         1        0.20      0.18      0.16      0.18      0.16      0.12      18    
n222
      1         1        0.01      0.01      0.01      0.01      0.01      0.00       2    
n223
      1         1        0.01      0.01      0.01      0.01      0.01      0.00       2    
n224
      2         1        0.02      0.02      0.01      0.02      0.01      0.01       3    
n225
      2         1        0.02      0.01      0.01      0.01      0.01      0.01       3    
n226
      1         1        0.01      0.01      0.01      0.01      0.01      0.00       2    
n227
      1         1        0.01      0.01      0.01      0.01      0.01      0.00       2    
n228
      1         1        0.01      0.01      0.01      0.01      0.01      0.00       2    
n229
      1         1        0.01      0.01      0.01      0.01      0.01      0.00       2    
n230
      1         1        0.01      0.01      0.01      0.01      0.01      0.00       2    
n231
      2         1        0.02      0.01      0.01      0.01      0.01      0.01       3    
n232
      1         1        0.01      0.01      0.01      0.01      0.01      0.00       2    
n233
      1         1        0.01      0.01      0.01      0.01      0.01      0.00       2    
n234
      2         1        0.02      0.01      0.01      0.01      0.01      0.01       3    
n235
      2         1        0.02      0.01      0.01      0.01      0.01      0.01       3    
n236
      2         1        0.02      0.01      0.01      0.01      0.01      0.01       3    
n237
      1         1        0.01      0.01      0.01      0.01      0.01      0.00       2    
n238
      2         1        0.02      0.01      0.01      0.01      0.01      0.01       3    
n239
      2         1        0.01      0.01      0.01      0.01      0.01      0.01       3    
n240
      3         1        0.02      0.02      0.02      0.02      0.02      0.01       4    
n241
      1         1        0.01      0.01      0.01      0.01      0.01      0.00       2    
n242
      1         1        0.01      0.01      0.01      0.01      0.01      0.00       2    
n243
      2         1        0.01      0.01      0.01      0.01      0.01      0.01       3    
n244
      2         1        0.01      0.01      0.01      0.01      0.01      0.01       3    
n245
     13         1        0.16      0.14      0.13      0.14      0.13      0.10      14    
n246
      1         1        0.01      0.01      0.01      0.01      0.01      0.00       2    
n247
      1         1        0.01      0.01      0.01      0.01      0.01      0.00       2    
n248
      2         1        0.02      0.01      0.01      0.01      0.01      0.01       3    
n249
      2         1        0.01      0.01      0.01      0.01      0.01      0.01       3    
n250
      3         1        0.03      0.02      0.02      0.02      0.02      0.01       4    
n251
      2         1        0.01      0.01      0.01      0.01      0.01      0.01       3    
n252
      1         1        0.01      0.01      0.01      0.01      0.01      0.00       2    
n253
      2         1        0.02      0.01      0.01      0.01      0.01      0.01       3    
n254
      2         1        0.02      0.01      0.01      0.01      0.01      0.01       3    
n255
      1         1        0.00      0.00      0.00      0.00      0.00      0.00       2    
n256
      1         1        0.01      0.01      0.01      0.01      0.01      0.00       2    
n257
      1         1        0.02      0.02      0.02      0.02      0.02      0.00       2    
n258
      1         1        0.02      0.02      0.02      0.02      0.02      0.00       2    
n259
      1         1        0.02      0.02      0.02      0.02      0.02      0.00       2    
n260
      1         1        0.02      0.02      0.02      0.02      0.02      0.00       2    
n261
      1         1        0.02      0.02      0.02      0.02      0.02      0.00       2    
n262
      2         1        0.03      0.03      0.03      0.03      0.03      0.01       3    
n263
      1         1        0.01      0.01      0.01      0.01      0.01      0.00       2    
n264
      1         1        0.01      0.01      0.01      0.01      0.01      0.00       2    
n265
      2         1        0.02      0.01      0.01      0.01      0.01      0.01       3    
n266
      1         1        0.01      0.01      0.01      0.01      0.01      0.00       2    
n267
      2         1        0.02      0.01      0.01      0.01      0.01      0.01       3    
n268
      2         1        0.01      0.01      0.01      0.01      0.01      0.01       3    
n269
      2         1        0.01      0.01      0.01      0.01      0.01      0.01       3    
n270
      2         1        0.02      0.01      0.01      0.01      0.01      0.01       3    
n271
      1         1        0.01      0.01      0.01      0.01      0.01      0.00       2    
n272
      1         1        0.01      0.01      0.01      0.01      0.01      0.00       2    
n273
      2         1        0.02      0.02      0.01      0.02      0.01      0.01       3    
n274
      1         1        0.02      0.02      0.02      0.02      0.02      0.00       2    
n275
      1         1        0.02      0.02      0.02      0.02      0.02      0.00       2    
n276
      1         1        0.02      0.02      0.02      0.02      0.02      0.00       2    
n277
      3         1        0.03      0.02      0.02      0.02      0.02      0.01       4    
n278
      2         1        0.02      0.01      0.01      0.01      0.01      0.01       3    
n279
      3         1        0.03      0.03      0.02      0.03      0.02      0.01       4    
n280
      2         1        0.02      0.01      0.01      0.01      0.01      0.01       3    
n281
      2         1        0.02      0.01      0.01      0.01      0.01      0.01       3    
n282
      1         1        0.01      0.01      0.01      0.01      0.01      0.00       2    
n283
      2         1        0.02      0.01      0.01      0.01      0.01      0.01       3    
n284
      1         1        0.01      0.01      0.01      0.01      0.01      0.00       2    
n285
      1         1        0.02      0.02      0.02      0.02      0.02      0.00       2    
n286
      1         1        0.02      0.02      0.02      0.02      0.02      0.00       2    
n287
      2         1        0.03      0.03      0.03      0.03      0.03      0.01       3    
n288
      1         1        0.02      0.02      0.02      0.02      0.02      0.00       2    
n289
      1         1        0.02      0.02      0.02      0.02      0.02      0.00       2    
n290
      1         1        0.02      0.02      0.02      0.02      0.02      0.00       2    
n291
      1         1        0.02      0.02      0.02      0.02      0.02      0.00       2    
n292
      1         1        0.02      0.02      0.02      0.02      0.02      0.00       2    
n293
      1         1        0.02      0.02      0.02      0.02      0.02      0.00       2    
n294
      2         1        0.02      0.01      0.02      0.01      0.02      0.01       3    
n295
      1         1        0.01      0.01      0.01      0.01      0.01      0.00       2    
n296
      2         1        0.02      0.01      0.01      0.01      0.01      0.01       3    
n297
      2         1        0.02      0.01      0.01      0.01      0.01      0.01       3    
n298
      2         1        0.02      0.01      0.01      0.01      0.01      0.01       3    
n299
      1         1        0.01      0.01      0.01      0.01      0.01      0.00       2    
n300
      5         1        0.05      0.05      0.05      0.05      0.05      0.02       6    
n301
      1         1        0.01      0.01      0.01      0.01      0.01      0.00       2    
n302
      7         1        0.07      0.06      0.06      0.06      0.06      0.03       8    
n303
      1         1        0.01      0.01      0.01      0.01      0.01      0.00       2    
n304
      2         1        0.01      0.01      0.01      0.01      0.01      0.01       3    
n305
      2         1        0.01      0.01      0.01      0.01      0.01      0.01       3    
n306
      2         1        0.02      0.01      0.01      0.01      0.01      0.01       3    
n307
      1         1        0.01      0.01      0.01      0.01      0.01      0.00       2    
n308
      1         1        0.01      0.01      0.01      0.01      0.01      0.00       2    
n309
      2         1        0.02      0.02      0.01      0.02      0.01      0.01       3    
n310
      1         1        0.02      0.02      0.02      0.02      0.02      0.00       2    
n311
      1         1        0.02      0.02      0.02      0.02      0.02      0.00       2    
n312
      1         1        0.02      0.02      0.02      0.02      0.02      0.00       2    
n313
      3         1        0.03      0.02      0.02      0.02      0.02      0.01       4    
n314
      2         1        0.02      0.01      0.01      0.01      0.01      0.01       3    
n315
      3         1        0.03      0.03      0.02      0.03      0.02      0.01       4    
n316
      1         1        0.02      0.02      0.02      0.02      0.02      0.00       2    
n317
      1         1        0.02      0.02      0.02      0.02      0.02      0.00       2    
n318
      1         1        0.02      0.02      0.02      0.02      0.02      0.00       2    
n319
      3         1        0.03      0.02      0.02      0.02      0.02      0.01       4    
n320
      2         1        0.02      0.01      0.01      0.01      0.01      0.01       3    
n321
      2         1        0.02      0.01      0.01      0.01      0.01      0.01       3    
n322
      2         1        0.01      0.01      0.01      0.01      0.01      0.01       3    
n323
      2         1        0.01      0.01      0.01      0.01      0.01      0.01       3    
n324
      2         1        0.02      0.01      0.01      0.01      0.01      0.01       3    
n325
      1         1        0.01      0.01      0.01      0.01      0.01      0.00       2    
n326
      9         1        0.10      0.08      0.08      0.08      0.08      0.05      10    
n327
     14         1        0.16      0.15      0.15      0.15      0.15      0.10      15    
n328
      1         1        0.01      0.01      0.01      0.01      0.01      0.00       2    
n329
      1         1        0.02      0.02      0.02      0.02      0.02      0.00       2    
n330
      1         1        0.02      0.02      0.02      0.02      0.02      0.00       2    
n331
      1         1        0.02      0.02      0.02      0.02      0.02      0.00       2    
n332
      1         1        0.02      0.02      0.02      0.02      0.02      0.00       2    
n333
      1         1        0.02      0.02      0.02      0.02      0.02      0.00       2    
n334
      1         1        0.02      0.02      0.02      0.02      0.02      0.00       2    
n335
     12         1        0.15      0.14      0.14      0.14      0.14      0.10      13    
n336
      2         1        0.02      0.01      0.01      0.01      0.01      0.01       3    
n337
      1         1        0.02      0.02      0.02      0.02      0.02      0.00       2    
n338
      1         1        0.02      0.02      0.02      0.02      0.02      0.00       2    
n339
      2         1        0.03      0.03      0.03      0.03      0.03      0.01       3    
n340
      2         1        0.02      0.01      0.01      0.01      0.01      0.01       3    
n341
      3         1        0.03      0.02      0.02      0.02      0.02      0.01       4    
n342
      2         1        0.02      0.01      0.01      0.01      0.01      0.01       3    
n343
      2         1        0.02      0.01      0.01      0.01      0.01      0.01       3    
n344
     13         1        0.15      0.13      0.12      0.13      0.12      0.10      14    
n345
      1         1        0.01      0.01      0.01      0.01      0.01      0.00       2    
n346
      1         1        0.01      0.01      0.01      0.01      0.01      0.00       2    
n347
      2         1        0.02      0.02      0.01      0.02      0.01      0.01       3    
n348
      1         1        0.02      0.02      0.02      0.02      0.02      0.00       2    
n349
      1         1        0.02      0.02      0.02      0.02      0.02      0.00       2    
n350
      3         1        0.03      0.02      0.02      0.02      0.02      0.01       4    
n351
      2         1        0.02      0.01      0.01      0.01      0.01      0.01       3    
n352
      3         1        0.03      0.03      0.02      0.03      0.02      0.01       4    
n353
      2         1        0.03      0.02      0.02      0.02      0.02      0.01       3    
n354
      1         1        0.02      0.02      0.02      0.02      0.02      0.00       2    
n355
      1         1        0.02      0.02      0.02      0.02      0.02      0.00       2    
n356
      5         1        0.05      0.04      0.04      0.04      0.04      0.02       6    
n357
      2         1        0.02      0.02      0.02      0.02      0.02      0.01       3    
n358
      2         1        0.03      0.03      0.03      0.03      0.03      0.01       3    
n359
      8         1        0.09      0.08      0.08      0.08      0.08      0.05       9    
n360
      2         1        0.02      0.01      0.02      0.01      0.02      0.01       3    
n361
      2         1        0.02      0.01      0.01      0.01      0.01      0.01       3    
n362
      9         1        0.09      0.08      0.08      0.08      0.08      0.05      10    
n363
      9         1        0.10      0.08      0.08      0.08      0.08      0.05      10    
n364
      1         1        0.01      0.01      0.01      0.01      0.01      0.00       2    
n365
      1         1        0.02      0.02      0.02      0.02      0.02      0.00       2    
n366
      1         1        0.02      0.02      0.02      0.02      0.02      0.00       2    
n367
      1         1        0.02      0.02      0.02      0.02      0.02      0.00       2    
n368
      1         1        0.02      0.02      0.02      0.02      0.02      0.00       2    
n369
      1         1        0.02      0.02      0.02      0.02      0.02      0.00       2    
n370
      1         1        0.02      0.02      0.02      0.02      0.02      0.00       2    
n371
     10         1        0.12      0.10      0.10      0.10      0.10      0.07      11    
n372
      8         1        0.09      0.08      0.08      0.08      0.08      0.05       9    
n373
      2         1        0.02      0.01      0.01      0.01      0.01      0.01       3    
n374
      1         1        0.02      0.02      0.02      0.02      0.02      0.00       2    
n375
      1         1        0.02      0.02      0.02      0.02      0.02      0.00       2    
n376
      1         1        0.02      0.02      0.02      0.02      0.02      0.00       2    
n377
      5         1        0.05      0.04      0.04      0.04      0.04      0.02       6    
n378
      2         1        0.02      0.02      0.02      0.02      0.02      0.01       3    
n379
      2         1        0.02      0.01      0.01      0.01      0.01      0.01       3    
n380
      1         1        0.01      0.01      0.01      0.01      0.01      0.00       2    
n381
      1         1        0.01      0.01      0.01      0.01      0.01      0.00       2    
n382
      2         1        0.02      0.02      0.01      0.02      0.01      0.01       3    
n383
      1         1        0.02      0.02      0.02      0.02      0.02      0.00       2    
n384
      1         1        0.02      0.02      0.02      0.02      0.02      0.00       2    
n385
      3         1        0.03      0.02      0.02      0.02      0.02      0.01       4    
n386
      2         1        0.02      0.01      0.01      0.01      0.01      0.01       3    
n387
      3         1        0.03      0.03      0.02      0.03      0.02      0.01       4    
n388
      2         1        0.03      0.03      0.03      0.03      0.03      0.01       3    
n389
      5         1        0.05      0.04      0.04      0.04      0.04      0.02       6    
n390
      2         1        0.02      0.02      0.02      0.02      0.02      0.01       3    
n391
      7         1        0.07      0.06      0.06      0.06      0.06      0.03       8    
n392
      2         1        0.02      0.01      0.01      0.01      0.01      0.01       3    
n393
      2         1        0.02      0.01      0.02      0.01      0.02      0.01       3    
n394
      3         1        0.03      0.02      0.02      0.02      0.02      0.01       4    
n395
      1         1        0.01      0.01      0.01      0.01      0.01      0.00       2    
n396
      1         1        0.02      0.02      0.02      0.02      0.02      0.00       2    
n397
      1         1        0.02      0.02      0.02      0.02      0.02      0.00       2    
n398
      1         1        0.02      0.02      0.02      0.02      0.02      0.00       2    
n399
      4         1        0.04      0.04      0.03      0.04      0.03      0.02       5    
n400
      9         1        0.10      0.09      0.08      0.09      0.08      0.05      10    
n401
      4         1        0.04      0.04      0.03      0.04      0.03      0.02       5    
n402
      2         1        0.02      0.02      0.02      0.02      0.02      0.01       3    
n403
      1         1        0.02      0.02      0.02      0.02      0.02      0.00       2    
n404
      1         1        0.02      0.02      0.02      0.02      0.02      0.00       2    
n405
      1         1        0.02      0.02      0.02      0.02      0.02      0.00       2    
n406
     11         1        0.14      0.12      0.12      0.12      0.12      0.09      12    
n407
     22         1        0.30      0.27      0.26      0.27      0.26      0.23      23    
n408
      1         1        0.01      0.01      0.01      0.01      0.01      0.00       2    
n409
      1         1        0.01      0.01      0.01      0.01      0.01      0.00       2    
n410
      2         1        0.02      0.02      0.01      0.02      0.01      0.01       3    
n411
      2         1        0.02      0.01      0.01      0.01      0.01      0.01       3    
n412
      5         1        0.04      0.04      0.04      0.04      0.04      0.02       6    
n413
      4         1        0.04      0.03      0.03      0.03      0.03      0.02       5    
n414
      1         1        0.01      0.01      0.01      0.01      0.01      0.00       2    
n415
      3         1        0.03      0.03      0.02      0.03      0.02      0.01       4    
n416
      3         1        0.03      0.02      0.02      0.02      0.02      0.01       4    
n417
     13         1        0.15      0.13      0.13      0.13      0.13      0.10      14    
n418
      1         1        0.01      0.01      0.01      0.01      0.01      0.00       2    
n419
      1         1        0.02      0.02      0.02      0.02      0.02      0.00       2    
n420
      1         1        0.02      0.02      0.02      0.02      0.02      0.00       2    
n421
      4         1        0.05      0.05      0.05      0.05      0.05      0.02       5    
n422
     13         1        0.15      0.13      0.13      0.13      0.13      0.10      14    
n423
      1         1        0.01      0.01      0.01      0.01      0.01      0.00       2    
n424
     11         1        0.14      0.12      0.12      0.12      0.12      0.09      12    
prod_ext_reg[0]
      4         1        0.04      0.04      0.03      0.04      0.03      0.02       5    
prod_ext_reg[1]
      2         1        0.01      0.01      0.01      0.01      0.01      0.01       3    
prod_ext_reg[2]
      2         1        0.03      0.03      0.03      0.03      0.03      0.01       3    
prod_ext_reg[3]
      2         1        0.03      0.03      0.03      0.03      0.03      0.01       3    
prod_ext_reg[4]
      2         1        0.03      0.03      0.03      0.03      0.03      0.01       3    
prod_ext_reg[5]
      2         1        0.03      0.03      0.03      0.03      0.03      0.01       3    
prod_ext_reg[6]
      2         1        0.03      0.03      0.03      0.03      0.03      0.01       3    
prod_ext_reg[7]
      2         1        0.03      0.03      0.03      0.03      0.03      0.01       3    
prod_ext_reg[8]
      2         1        0.03      0.03      0.03      0.03      0.03      0.01       3    
prod_ext_reg[9]
      2         1        0.03      0.03      0.03      0.03      0.03      0.01       3    
prod_ext_reg[10]
      2         1        0.03      0.03      0.03      0.03      0.03      0.01       3    
prod_ext_reg[11]
      2         1        0.03      0.03      0.03      0.03      0.03      0.01       3    
prod_ext_reg[12]
      2         1        0.03      0.03      0.03      0.03      0.03      0.01       3    
prod_ext_reg[13]
      2         1        0.03      0.03      0.03      0.03      0.03      0.01       3    
prod_ext_reg[14]
      2         1        0.03      0.03      0.03      0.03      0.03      0.01       3    
prod_ext_reg[15]
      2         1        0.03      0.03      0.03      0.03      0.03      0.01       3    
prod_ext_reg[16]
      2         1        0.03      0.03      0.03      0.03      0.03      0.01       3    
prod_ext_reg[17]
      2         1        0.03      0.03      0.03      0.03      0.03      0.01       3    
prod_ext_reg[18]
      2         1        0.03      0.03      0.03      0.03      0.03      0.01       3    
prod_ext_reg[19]
      2         1        0.03      0.03      0.03      0.03      0.03      0.01       3    
prod_ext_reg[20]
      2         1        0.03      0.03      0.03      0.03      0.03      0.01       3    
prod_ext_reg[21]
      2         1        0.03      0.03      0.03      0.03      0.03      0.01       3    
prod_ext_reg[22]
      2         1        0.03      0.03      0.03      0.03      0.03      0.01       3    
prod_ext_reg[23]
      2         1        0.03      0.03      0.03      0.03      0.03      0.01       3    
prod_ext_reg[24]
      2         1        0.03      0.03      0.03      0.03      0.03      0.01       3    
prod_ext_reg[25]
      2         1        0.03      0.03      0.03      0.03      0.03      0.01       3    
prod_ext_reg[26]
      2         1        0.03      0.03      0.03      0.03      0.03      0.01       3    
prod_ext_reg[27]
      2         1        0.03      0.03      0.03      0.03      0.03      0.01       3    
prod_ext_reg[28]
      2         1        0.03      0.03      0.03      0.03      0.03      0.01       3    
prod_ext_reg[29]
      2         1        0.03      0.03      0.03      0.03      0.03      0.01       3    
prod_ext_reg[30]
      2         1        0.03      0.03      0.03      0.03      0.03      0.01       3    
prod_ext_reg[31]
      3         1        0.03      0.02      0.02      0.02      0.02      0.01       4    
prod_reg[0]
      2         1        0.02      0.01      0.01      0.01      0.01      0.01       3    
prod_reg[1]
      1         1        0.00      0.00      0.00      0.00      0.00      0.00       2    
prod_reg[2]
      2         1        0.02      0.01      0.01      0.01      0.01      0.01       3    
prod_reg[3]
      2         1        0.01      0.01      0.01      0.01      0.01      0.01       3    
prod_reg[4]
      2         1        0.02      0.01      0.01      0.01      0.01      0.01       3    
prod_reg[5]
      2         1        0.01      0.01      0.01      0.01      0.01      0.01       3    
prod_reg[6]
      2         1        0.02      0.01      0.01      0.01      0.01      0.01       3    
prod_reg[7]
      2         1        0.01      0.01      0.01      0.01      0.01      0.01       3    
prod_reg[8]
      2         1        0.02      0.01      0.01      0.01      0.01      0.01       3    
prod_reg[9]
      2         1        0.01      0.01      0.01      0.01      0.01      0.01       3    
prod_reg[10]
      2         1        0.02      0.01      0.01      0.01      0.01      0.01       3    
prod_reg[11]
      2         1        0.01      0.01      0.01      0.01      0.01      0.01       3    
prod_reg[12]
      2         1        0.02      0.01      0.01      0.01      0.01      0.01       3    
prod_reg[13]
      2         1        0.01      0.01      0.01      0.01      0.01      0.01       3    
prod_reg[14]
      2         1        0.02      0.01      0.01      0.01      0.01      0.01       3    
prod_reg[15]
      2         1        0.02      0.01      0.01      0.01      0.01      0.01       3    
rst
      3         1        0.03      0.02      0.02      0.02      0.02      0.01       4    
-----------------------------------------------------------------------------------------------
Total 518 nets
   1237       518       14.57     12.95     12.74     12.95     12.74      7.42    1755
Maximum
     80         1        1.64      1.57      1.56      1.57      1.56      1.57      81
Average
   2.39      1.00        0.03      0.02      0.02      0.02      0.02      0.01    3.39
1
