 
****************************************
Report : reference
Design : mac_unit
Version: V-2023.12-SP5-3
Date   : Tue Nov  4 10:16:34 2025
****************************************

Attributes:
    b - black box (unknown)
   bo - allows boundary optimization
    d - dont_touch
   mo - map_only
    h - hierarchical
    n - noncombinational
    r - removable
    s - synthetic operator
    u - contains unmapped logic

Reference          Library       Unit Area   Count    Total Area   Attributes
-----------------------------------------------------------------------------
ad01d0             tsl18fs120_scl_ff
                                 59.580002      49   2919.420090  r
aoi21d1            tsl18fs120_scl_ff
                                 15.680000       7    109.760002  
aoi22d1            tsl18fs120_scl_ff
                                 18.820000      65   1223.299980  
aoi31d1            tsl18fs120_scl_ff
                                 18.820000       1     18.820000  
aoi221d1           tsl18fs120_scl_ff
                                 25.090000       1     25.090000  
aoim22d1           tsl18fs120_scl_ff
                                 21.950001      12    263.400009  
aon211d1           tsl18fs120_scl_ff
                                 18.820000      13    244.659996  
aor22d1            tsl18fs120_scl_ff
                                 25.090000      15    376.350002  
buffd1             tsl18fs120_scl_ff
                                 12.540000       1     12.540000  
cg01d0             tsl18fs120_scl_ff
                                 28.219999       5    141.099997  
dfnrq1             tsl18fs120_scl_ff
                                 59.580002      80   4766.400146  n
inv0d0             tsl18fs120_scl_ff
                                  6.270000      41    257.069999  
inv0d2             tsl18fs120_scl_ff
                                 12.540000       1     12.540000  
nd02d0             tsl18fs120_scl_ff
                                 12.540000      18    225.719999  
nd02d1             tsl18fs120_scl_ff
                                 12.540000       1     12.540000  
nd12d0             tsl18fs120_scl_ff
                                 15.680000       2     31.360001  
nr02d0             tsl18fs120_scl_ff
                                 12.540000       6     75.240000  
nr02d1             tsl18fs120_scl_ff
                                 12.540000       1     12.540000  
nr03d1             tsl18fs120_scl_ff
                                 15.680000       1     15.680000  
nr13d1             tsl18fs120_scl_ff
                                 21.950001       1     21.950001  
oai21d1            tsl18fs120_scl_ff
                                 15.680000      13    203.840004  
oai22d1            tsl18fs120_scl_ff
                                 18.820000      15    282.299995  
oai31d1            tsl18fs120_scl_ff
                                 21.950001       2     43.900002  
oai211d1           tsl18fs120_scl_ff
                                 18.820000       4     75.279999  
oai222d1           tsl18fs120_scl_ff
                                 28.219999       3     84.659998  
oaim21d1           tsl18fs120_scl_ff
                                 18.820000      49    922.179985  
oaim22d1           tsl18fs120_scl_ff
                                 25.090000       7    175.630001  
oan211d1           tsl18fs120_scl_ff
                                 18.820000       3     56.459999  
-----------------------------------------------------------------------------
Total 28 references                                 12609.730205
1
