 
****************************************
Report : power
        -analysis_effort low
Design : mac_unit
Version: V-2023.12-SP5-3
Date   : Tue Nov  4 10:22:12 2025
****************************************


Library(s) Used:

    tsl18fs120_scl_ff (File: /home/SynopsysInstalledTools/SCLPDK/scl_pdk/stdlib/fs120/liberty/lib_flow_ff/tsl18fs120_scl_ff.db)


Operating Conditions: tsl18fs120_scl_ff   Library: tsl18fs120_scl_ff
Wire Load Model Mode: top

Design        Wire Load Model            Library
------------------------------------------------
mac_unit               35000             tsl18fs120_scl_ff


Global Operating Voltage = 1.98 
Power-specific unit information :
    Voltage Units = 1V
    Capacitance Units = 1.000000pf
    Time Units = 1ns
    Dynamic Power Units = 1mW    (derived from V,C,T units)
    Leakage Power Units = 1pW


Attributes
----------
i - Including register clock pin internal power


  Cell Internal Power  =   8.7598 mW   (51%)
  Net Switching Power  =   8.3518 mW   (49%)
                         ---------
Total Dynamic Power    =  17.1115 mW  (100%)

Cell Leakage Power     =  29.5402 nW

Information: report_power power group summary does not include estimated clock tree power. (PWR-789)

                 Internal         Switching           Leakage            Total
Power Group      Power            Power               Power              Power   (   %    )  Attrs
--------------------------------------------------------------------------------------------------
io_pad             0.0000            0.0000            0.0000            0.0000  (   0.00%)
memory             0.0000            0.0000            0.0000            0.0000  (   0.00%)
black_box          0.0000            0.0000            0.0000            0.0000  (   0.00%)
clock_network      0.0000            0.0000            0.0000            0.0000  (   0.00%)  i
register           0.0000            0.0000            0.0000            0.0000  (   0.00%)
sequential         0.6229        1.7441e-02        1.0061e+04            0.6404  (   3.74%)
combinational      8.1368            8.3343        1.9479e+04           16.4712  (  96.26%)
--------------------------------------------------------------------------------------------------
Total              8.7597 mW         8.3518 mW     2.9540e+04 pW        17.1115 mW
1
